
> nextn@1.2.0 build
> next build

  Ôû▓ Next.js 14.2.35

   Creating an optimized production build ...
npm.cmd :  ÔÜá Compiled with warnings
En línea: 1 Carácter: 42
+ ... es\nodejs"; & "C:\Program Files\nodejs\npm.cmd" run build > build_out ...
+                 ~~~~~~~~~~~~~~~~~~~~~~~~~~~~~~~~~~~~~~~~~~~~~~~~~~~~~~~~~
    + CategoryInfo          : NotSpecified: ( ÔÜá Compiled with warnings:String) [], RemoteException
    + FullyQualifiedErrorId : NativeCommandError
 

./node_modules/require-in-the-middle/index.js
Critical dependency: require function is used in a way in which dependencies cannot be statically extracted

Import trace for requested module:
./node_modules/require-in-the-middle/index.js
./node_modules/@opentelemetry/instrumentation/build/esm/platform/node/instrumentation.js
./node_modules/@opentelemetry/instrumentation/build/esm/platform/node/index.js
./node_modules/@opentelemetry/instrumentation/build/esm/platform/index.js
./node_modules/@opentelemetry/instrumentation/build/esm/index.js
./node_modules/@opentelemetry/sdk-node/build/src/sdk.js
./node_modules/@opentelemetry/sdk-node/build/src/index.js
./node_modules/@genkit-ai/core/lib/tracing/node-telemetry-provider.js
./node_modules/@genkit-ai/core/lib/node.js
./node_modules/genkit/lib/common.js
./node_modules/genkit/lib/index.mjs
./src/actions/treasury-ai.ts

./node_modules/pdf-parse/dist/pdf-parse/cjs/index.cjs
Critical dependency: the request of a dependency is an expression

Import trace for requested module:
./node_modules/pdf-parse/dist/pdf-parse/cjs/index.cjs
./src/app/api/drive/analyze/route.ts

Failed to compile.

./src/app/globals.css.webpack[javascript/auto]!=!./node_modules/next/dist/build/webpack/loaders/css-loader/src/index.js
??ruleSet[1].rules[14].oneOf[12].use[2]!./node_modules/next/dist/build/webpack/loaders/postcss-loader/src/index.js??rul
eSet[1].rules[14].oneOf[12].use[3]!./src/app/globals.css
Error: Cannot find module 'tailwindcss'
Require stack:
- C:\Users\augus\Studio antigravity PMD 
software\studio-antigravity\node_modules\next\dist\build\webpack\config\blocks\css\plugins.js
- C:\Users\augus\Studio antigravity PMD 
software\studio-antigravity\node_modules\next\dist\build\webpack\config\blocks\css\index.js
- C:\Users\augus\Studio antigravity PMD 
software\studio-antigravity\node_modules\next\dist\build\webpack\config\index.js
- C:\Users\augus\Studio antigravity PMD software\studio-antigravity\node_modules\next\dist\build\webpack-config.js
- C:\Users\augus\Studio antigravity PMD software\studio-antigravity\node_modules\next\dist\build\webpack-build\impl.js
- C:\Users\augus\Studio antigravity PMD 
software\studio-antigravity\node_modules\next\dist\compiled\jest-worker\processChild.js
    at Module.<anonymous> (node:internal/modules/cjs/loader:1455:15)
    at C:\Users\augus\Studio antigravity PMD 
software\studio-antigravity\node_modules\next\dist\server\require-hook.js:55:36
    at require.resolve (node:internal/modules/helpers:163:19)
    at loadPlugin (C:\Users\augus\Studio antigravity PMD 
software\studio-antigravity\node_modules\next\dist\build\webpack\config\blocks\css\plugins.js:49:32)
    at C:\Users\augus\Studio antigravity PMD 
software\studio-antigravity\node_modules\next\dist\build\webpack\config\blocks\css\plugins.js:157:56
    at Array.map (<anonymous>)
    at getPostCssPlugins (C:\Users\augus\Studio antigravity PMD 
software\studio-antigravity\node_modules\next\dist\build\webpack\config\blocks\css\plugins.js:157:47)
    at async C:\Users\augus\Studio antigravity PMD 
software\studio-antigravity\node_modules\next\dist\build\webpack\config\blocks\css\index.js:124:36
    at async C:\Users\augus\Studio antigravity PMD 
software\studio-antigravity\node_modules\next\dist\build\webpack\loaders\postcss-loader\src\index.js:51:40
    at async Span.traceAsyncFn (C:\Users\augus\Studio antigravity PMD 
software\studio-antigravity\node_modules\next\dist\trace\trace.js:154:20)

Import trace for requested module:
./src/app/globals.css.webpack[javascript/auto]!=!./node_modules/next/dist/build/webpack/loaders/css-loader/src/index.js
??ruleSet[1].rules[14].oneOf[12].use[2]!./node_modules/next/dist/build/webpack/loaders/postcss-loader/src/index.js??rul
eSet[1].rules[14].oneOf[12].use[3]!./src/app/globals.css
./src/app/globals.css

./src/app/globals.css
Error: Cannot find module 'tailwindcss'
Require stack:
- C:\Users\augus\Studio antigravity PMD 
software\studio-antigravity\node_modules\next\dist\build\webpack\config\blocks\css\plugins.js
- C:\Users\augus\Studio antigravity PMD 
software\studio-antigravity\node_modules\next\dist\build\webpack\config\blocks\css\index.js
- C:\Users\augus\Studio antigravity PMD 
software\studio-antigravity\node_modules\next\dist\build\webpack\config\index.js
- C:\Users\augus\Studio antigravity PMD software\studio-antigravity\node_modules\next\dist\build\webpack-config.js
- C:\Users\augus\Studio antigravity PMD software\studio-antigravity\node_modules\next\dist\build\webpack-build\impl.js
- C:\Users\augus\Studio antigravity PMD 
software\studio-antigravity\node_modules\next\dist\compiled\jest-worker\processChild.js
    at Module.<anonymous> (node:internal/modules/cjs/loader:1455:15)
    at C:\Users\augus\Studio antigravity PMD 
software\studio-antigravity\node_modules\next\dist\server\require-hook.js:55:36
    at require.resolve (node:internal/modules/helpers:163:19)
    at loadPlugin (C:\Users\augus\Studio antigravity PMD 
software\studio-antigravity\node_modules\next\dist\build\webpack\config\blocks\css\plugins.js:49:32)
    at C:\Users\augus\Studio antigravity PMD 
software\studio-antigravity\node_modules\next\dist\build\webpack\config\blocks\css\plugins.js:157:56
    at Array.map (<anonymous>)
    at getPostCssPlugins (C:\Users\augus\Studio antigravity PMD 
software\studio-antigravity\node_modules\next\dist\build\webpack\config\blocks\css\plugins.js:157:47)
    at async C:\Users\augus\Studio antigravity PMD 
software\studio-antigravity\node_modules\next\dist\build\webpack\config\blocks\css\index.js:124:36
    at async C:\Users\augus\Studio antigravity PMD 
software\studio-antigravity\node_modules\next\dist\build\webpack\loaders\postcss-loader\src\index.js:51:40
    at async Span.traceAsyncFn (C:\Users\augus\Studio antigravity PMD 
software\studio-antigravity\node_modules\next\dist\trace\trace.js:154:20)
    at tryRunOrWebpackError (C:\Users\augus\Studio antigravity PMD 
software\studio-antigravity\node_modules\next\dist\compiled\webpack\bundle5.js:28:312989)
    at __webpack_require_module__ (C:\Users\augus\Studio antigravity PMD 
software\studio-antigravity\node_modules\next\dist\compiled\webpack\bundle5.js:28:131165)
    at __nested_webpack_require_153728__ (C:\Users\augus\Studio antigravity PMD 
software\studio-antigravity\node_modules\next\dist\compiled\webpack\bundle5.js:28:130607)
    at C:\Users\augus\Studio antigravity PMD 
software\studio-antigravity\node_modules\next\dist\compiled\webpack\bundle5.js:28:131454
    at symbolIterator (C:\Users\augus\Studio antigravity PMD 
software\studio-antigravity\node_modules\next\dist\compiled\neo-async\async.js:1:14444)
    at done (C:\Users\augus\Studio antigravity PMD 
software\studio-antigravity\node_modules\next\dist\compiled\neo-async\async.js:1:14824)
    at Hook.eval [as callAsync] (eval at create (C:\Users\augus\Studio antigravity PMD 
software\studio-antigravity\node_modules\next\dist\compiled\webpack\bundle5.js:13:28858), <anonymous>:15:1)
    at Hook.CALL_ASYNC_DELEGATE [as _callAsync] (C:\Users\augus\Studio antigravity PMD 
software\studio-antigravity\node_modules\next\dist\compiled\webpack\bundle5.js:13:26012)
    at C:\Users\augus\Studio antigravity PMD 
software\studio-antigravity\node_modules\next\dist\compiled\webpack\bundle5.js:28:130328
    at symbolIterator (C:\Users\augus\Studio antigravity PMD 
software\studio-antigravity\node_modules\next\dist\compiled\neo-async\async.js:1:14402)
-- inner error --
Error: Cannot find module 'tailwindcss'
Require stack:
- C:\Users\augus\Studio antigravity PMD 
software\studio-antigravity\node_modules\next\dist\build\webpack\config\blocks\css\plugins.js
- C:\Users\augus\Studio antigravity PMD 
software\studio-antigravity\node_modules\next\dist\build\webpack\config\blocks\css\index.js
- C:\Users\augus\Studio antigravity PMD 
software\studio-antigravity\node_modules\next\dist\build\webpack\config\index.js
- C:\Users\augus\Studio antigravity PMD software\studio-antigravity\node_modules\next\dist\build\webpack-config.js
- C:\Users\augus\Studio antigravity PMD software\studio-antigravity\node_modules\next\dist\build\webpack-build\impl.js
- C:\Users\augus\Studio antigravity PMD 
software\studio-antigravity\node_modules\next\dist\compiled\jest-worker\processChild.js
    at Module.<anonymous> (node:internal/modules/cjs/loader:1455:15)
    at C:\Users\augus\Studio antigravity PMD 
software\studio-antigravity\node_modules\next\dist\server\require-hook.js:55:36
    at require.resolve (node:internal/modules/helpers:163:19)
    at loadPlugin (C:\Users\augus\Studio antigravity PMD 
software\studio-antigravity\node_modules\next\dist\build\webpack\config\blocks\css\plugins.js:49:32)
    at C:\Users\augus\Studio antigravity PMD 
software\studio-antigravity\node_modules\next\dist\build\webpack\config\blocks\css\plugins.js:157:56
    at Array.map (<anonymous>)
    at getPostCssPlugins (C:\Users\augus\Studio antigravity PMD 
software\studio-antigravity\node_modules\next\dist\build\webpack\config\blocks\css\plugins.js:157:47)
    at async C:\Users\augus\Studio antigravity PMD 
software\studio-antigravity\node_modules\next\dist\build\webpack\config\blocks\css\index.js:124:36
    at async C:\Users\augus\Studio antigravity PMD 
software\studio-antigravity\node_modules\next\dist\build\webpack\loaders\postcss-loader\src\index.js:51:40
    at async Span.traceAsyncFn (C:\Users\augus\Studio antigravity PMD 
software\studio-antigravity\node_modules\next\dist\trace\trace.js:154:20)
    at Object.<anonymous> (C:\Users\augus\Studio antigravity PMD software\studio-antigravity\node_modules\next\dist\bui
ld\webpack\loaders\css-loader\src\index.js??ruleSet[1].rules[14].oneOf[12].use[2]!C:\Users\augus\Studio antigravity 
PMD software\studio-antigravity\node_modules\next\dist\build\webpack\loaders\postcss-loader\src\index.js??ruleSet[1].ru
les[14].oneOf[12].use[3]!C:\Users\augus\Studio antigravity PMD software\studio-antigravity\src\app\globals.css:1:7)
    at C:\Users\augus\Studio antigravity PMD 
software\studio-antigravity\node_modules\next\dist\compiled\webpack\bundle5.js:28:922493
    at Hook.eval [as call] (eval at create (C:\Users\augus\Studio antigravity PMD 
software\studio-antigravity\node_modules\next\dist\compiled\webpack\bundle5.js:13:28636), <anonymous>:7:1)
    at Hook.CALL_DELEGATE [as _call] (C:\Users\augus\Studio antigravity PMD 
software\studio-antigravity\node_modules\next\dist\compiled\webpack\bundle5.js:13:25906)
    at C:\Users\augus\Studio antigravity PMD 
software\studio-antigravity\node_modules\next\dist\compiled\webpack\bundle5.js:28:131198
    at tryRunOrWebpackError (C:\Users\augus\Studio antigravity PMD 
software\studio-antigravity\node_modules\next\dist\compiled\webpack\bundle5.js:28:312943)
    at __webpack_require_module__ (C:\Users\augus\Studio antigravity PMD 
software\studio-antigravity\node_modules\next\dist\compiled\webpack\bundle5.js:28:131165)
    at __nested_webpack_require_153728__ (C:\Users\augus\Studio antigravity PMD 
software\studio-antigravity\node_modules\next\dist\compiled\webpack\bundle5.js:28:130607)
    at C:\Users\augus\Studio antigravity PMD 
software\studio-antigravity\node_modules\next\dist\compiled\webpack\bundle5.js:28:131454
    at symbolIterator (C:\Users\augus\Studio antigravity PMD 
software\studio-antigravity\node_modules\next\dist\compiled\neo-async\async.js:1:14444)

Generated code for C:\Users\augus\Studio antigravity PMD software\studio-antigravity\node_modules\next\dist\build\webpa
ck\loaders\css-loader\src\index.js??ruleSet[1].rules[14].oneOf[12].use[2]!C:\Users\augus\Studio antigravity PMD softwar
e\studio-antigravity\node_modules\next\dist\build\webpack\loaders\postcss-loader\src\index.js??ruleSet[1].rules[14].one
Of[12].use[3]!C:\Users\augus\Studio antigravity PMD software\studio-antigravity\src\app\globals.css

Import trace for requested module:
./src/app/globals.css


> Build failed because of webpack errors
